00000000
00000008 
0000002a
00000064 
00000028 
00000037
0000002c
XXXXXXXX
XXXXXXXX 
XXXXXXXX
XXXXXXXX
0000c0de 
XXXXXXXX
XXXXXXXX  
XXXXXXXX  
XXXXXXXX
XXXXXXXX
XXXXXXXX
XXXXXXXX
XXXXXXXX
XXXXXXXX
XXXXXXXX
XXXXXXXX
XXXXXXXX
XXXXXXXX
XXXXXXXX
XXXXXXXX
XXXXXXXX
XXXXXXXX
XXXXXXXX
XXXXXXXX
XXXXXXXX
